[backblue.gif]
[fade.gif]
[index.html]
[file/C_/Users/Kevin Samboni/Downloads/www.daviplata.com_files/linkid.js.descarga]
[file/C_/Users/Kevin Samboni/Downloads/www.daviplata.com_files/destination]
[file/C_/Users/Kevin Samboni/Downloads/www.daviplata.com_files/250286619111840]
[file/C_/Users/Kevin Samboni/Downloads/www.daviplata.com_files/fbevents.js.descarga]
[file/C_/Users/Kevin Samboni/Downloads/www.daviplata.com_files/analytics.js.descarga]
[file/C_/Users/Kevin Samboni/Downloads/www.daviplata.com_files/js]
[file/C_/Users/Kevin Samboni/Downloads/www.daviplata.com_files/js(1)]
[file/C_/Users/Kevin Samboni/Downloads/www.daviplata.com_files/gtm.js.descarga]
[file/C_/Users/Kevin Samboni/Downloads/www.daviplata.com_files/y-You-must-perfe-is-appy-Peach-slaine-Lamberly-m]
[file/C_/Users/Kevin Samboni/Downloads/www.daviplata.com_files/ruxitagentjs_ICA7NVfgqrux_10291240606133530.js.descarga]
[file/C_/Users/Kevin Samboni/Downloads/www.daviplata.com_files/ruxitagentjs_ICA7NVfghqrux_10291240606133530.js.descarga]
[file/C_/Users/Kevin Samboni/Downloads/www.daviplata.com_files/ruxitagentjs_ICA7NVfghqrux_10289240325103055.js.descarga]
[file/C_/Users/Kevin Samboni/Downloads/www.daviplata.com_files/ruxitagentjs_ICA7NVfghqrux_10287240325103108.js.descarga]
[file/C_/Users/Kevin Samboni/Downloads/www.daviplata.com_files/ruxitagentjs_ICA27NVdefghijmoqruvx_10283240117152214.js.descarga]
[file/C_/Users/Kevin Samboni/Downloads/www.daviplata.com_files/ruxitagentjs_ICA27NVdefghijmoqruvx_10281231207105659.js.descarga]
[file/C_/Users/Kevin Samboni/Downloads/www.daviplata.com_files/ruxitagentjs_ICA27NVdefghijmoqruvx_10277231024135831.js.descarga]
[file/C_/Users/Kevin Samboni/Downloads/www.daviplata.com_files/ruxitagentjs_ICA27NVdefghijmoqruvx_10271230629152232.js.descarga]
[file/C_/Users/Kevin Samboni/Downloads/www.daviplata.com_files/ruxitagentjs_ICA27NVdefghijmoqruvx_10263230321103025.js.descarga]
[m.serlefin.com/chatdaviplata/SerlefinWidget/IMG/boton.png]
[file/C_/Users/Kevin Samboni/Downloads/www.daviplata.com_files/ruxitagentjs_ICA27NVdfghjqrux_10259230120101641.js.descarga]
[file/C_/Users/Kevin Samboni/Downloads/www.daviplata.com_files/ruxitagentjs_ICA27NVdfghjqrux_10251220909040818.js.descarga]
[file/C_/Users/Kevin Samboni/Downloads/www.daviplata.com_files/ruxitagentjs_ICA27Vdfghjqrux_10249220905100923.js.descarga]
[file/C_/Users/Kevin Samboni/Downloads/www.daviplata.com_files/ruxitagentjs_ICA27SVdefghijmoqruvx_10209210209190405.js.descarga]
[file/C_/Users/Kevin Samboni/Downloads/www.daviplata.com_files/ruxitagentjs_ICA27SVdefghijmoqruvx_10181191119154660.js.descarga]
[file/C_/Users/Kevin Samboni/Downloads/www.daviplata.com_files/ruxitagentjs_ICA27SVdefghijmoqruvx_10181191119154660(1).js.descarga]
[file/C_/Users/Kevin Samboni/Downloads/www.daviplata.com_files/ruxitagentjs_ICA27SVdefghijmoqruvx_10179191120132458.js.descarga]
[file/C_/Users/Kevin Samboni/Downloads/www.daviplata.com_files/ruxitagentjs_ICA2SVfhqr_10165190415111356.js.descarga]
[file/C_/Users/Kevin Samboni/Downloads/www.daviplata.com_files/ruxitagentjs_ICA2SVfhqr_10161190228170440.js.descarga]
[file/C_/Users/Kevin Samboni/Downloads/www.daviplata.com_files/ruxitagentjs_ICA2SVfhqr_10161190211091846.js.descarga]
[file/C_/Users/Kevin Samboni/Downloads/www.daviplata.com_files/mashup_ra_collection]
[file/C_/Users/Kevin Samboni/Downloads/www.daviplata.com_files/ra_collection]
[file/C_/Users/Kevin Samboni/Downloads/www.daviplata.com_files/css2]
[file/C_/Users/Kevin Samboni/Downloads/www.daviplata.com_files/jquery-1.9.1.min.js.descarga]
[file/C_/Users/Kevin Samboni/Downloads/www.daviplata.com_files/jquery-1.8.3.min.js.descarga]
[file/C_/Users/Kevin Samboni/Downloads/www.daviplata.com_files/jquery.easing.1.3.js.descarga]
[file/C_/Users/Kevin Samboni/Downloads/www.daviplata.com_files/jqueryModal.js.descarga]
[file/C_/Users/Kevin Samboni/Downloads/www.daviplata.com_files/jquery.royalslider.min.js.descarga]
[file/C_/Users/Kevin Samboni/Downloads/www.daviplata.com_files/jquery.scrollTo-min.js.descarga]
[file/C_/Users/Kevin Samboni/Downloads/www.daviplata.com_files/script.js.descarga]
[file/C_/Users/Kevin Samboni/Downloads/www.daviplata.com_files/custom-form-elements.js.descarga]
[m.serlefin.com/chatdaviplata/SerlefinWidget/CSS/SerlefinWidget.css]
[file/C_/Users/Kevin Samboni/Downloads/www.daviplata.com_files/val-form.js.descarga]
[file/C_/Users/Kevin Samboni/Downloads/www.daviplata.com_files/util-form.js.descarga]
[file/C_/Users/Kevin Samboni/Downloads/www.daviplata.com_files/jquery.xdomainrequest.js.descarga]
[file/C_/Users/Kevin Samboni/Downloads/www.daviplata.com_files/chat(1).js.descarga]
[file/C_/Users/Kevin Samboni/Downloads/www.daviplata.com_files/search.js.descarga]
[file/C_/Users/Kevin Samboni/Downloads/www.daviplata.com_files/sitefront.js.descarga]
[file/C_/Users/Kevin Samboni/Downloads/www.daviplata.com_files/jquery.touchSwipe.min.js.descarga]
[file/C_/Users/Kevin Samboni/Downloads/www.daviplata.com_files/wcm]
[file/C_/Users/Kevin Samboni/Downloads/www.daviplata.com_files/wcm(1)]
[file/C_/Users/Kevin Samboni/Downloads/www.daviplata.com_files/wcm(2)]
[file/C_/Users/Kevin Samboni/Downloads/www.daviplata.com_files/cerrar.jpg]
[file/C_/Users/Kevin Samboni/Downloads/www.daviplata.com_files/navegadores.jpg]
[file/C_/Users/Kevin Samboni/Downloads/www.daviplata.com_files/logo-menu.png]
[file/C_/Users/Kevin Samboni/Downloads/www.daviplata.com_files/logo-header-m.png]
[file/C_/Users/Kevin Samboni/Downloads/www.daviplata.com_files/f3739-menu-simbolo1.png]
[file/C_/Users/Kevin Samboni/Downloads/www.daviplata.com_files/ed952-menu-simbolo2.png]
[file/C_/Users/Kevin Samboni/Downloads/www.daviplata.com_files/03ed4-menu-simbolo3.png]
[file/C_/Users/Kevin Samboni/Downloads/www.daviplata.com_files/083c1-menu-simbolo4.png]
[file/C_/Users/Kevin Samboni/Downloads/www.daviplata.com_files/14367-menu-simbolo5.png]
[file/C_/Users/Kevin Samboni/Downloads/www.daviplata.com_files/8e98a-menu-simbolo6.png]
[file/C_/Users/Kevin Samboni/Downloads/www.daviplata.com_files/91c2-menu-simbolo11.png]
[file/C_/Users/Kevin Samboni/Downloads/www.daviplata.com_files/dd631-menu-simbolo7.png]
[file/C_/Users/Kevin Samboni/Downloads/www.daviplata.com_files/a011b-menu-simbolo8.png]
[file/C_/Users/Kevin Samboni/Downloads/www.daviplata.com_files/f134r-menu-simbolo9.png]
[file/C_/Users/Kevin Samboni/Downloads/www.daviplata.com_files/x4edt-menu-simbolo10.png]
[file/C_/Users/Kevin Samboni/Downloads/www.daviplata.com_files/menu-simbolo9.png]
[file/C_/Users/Kevin Samboni/Downloads/www.daviplata.com_files/menu-simbolo10.png]
[file/C_/Users/Kevin Samboni/Downloads/www.daviplata.com_files/menu-simbolo11.png]
[file/C_/Users/Kevin Samboni/Downloads/www.daviplata.com_files/menu-simbolo12.png]
[file/C_/Users/Kevin Samboni/Downloads/www.daviplata.com_files/wcm(3)]
[m.serlefin.com/chatdaviplata/SerlefinWidget/JS/SerlefinWidget5e1f.js]
[file/C_/Users/Kevin Samboni/Downloads/www.daviplata.com_files/home.js.descarga]
[file/C_/Users/Kevin Samboni/Downloads/www.daviplata.com.html]
[file/C_/Users/Kevin Samboni/Downloads/www.daviplata.com_files/form.css]
[file/C_/Users/Kevin Samboni/Downloads/www.daviplata.com_files/royalslider.css]
[file/C_/Users/Kevin Samboni/Downloads/www.daviplata.com_files/style.css]
[file/C_/Users/Kevin Samboni/Downloads/www.daviplata.com_files/cellphone-handmobile2.png]
[file/C_/Users/Kevin Samboni/Downloads/www.daviplata.com_files/logo-daviplata.png]
[file/C_/Users/Kevin Samboni/Downloads/www.daviplata.com_files/arrow-down-small.png]
[file/C_/Users/Kevin Samboni/Downloads/www.daviplata.com_files/Imagen-completa.png]
[file/C_/Users/Kevin Samboni/Downloads/www.daviplata.com_files/fonts.css]
[file/C_/Users/Kevin Samboni/Downloads/www.daviplata.com_files/arrow-down.png]
[file/C_/Users/Kevin Samboni/Downloads/www.daviplata.com_files/receiving.png]
[file/C_/Users/Kevin Samboni/Downloads/www.daviplata.com_files/from-account.png]
[file/C_/Users/Kevin Samboni/Downloads/www.daviplata.com_files/style-responsive.css]
[file/C_/Users/Kevin Samboni/Downloads/www.daviplata.com_files/from-offiices.png]
[file/C_/Users/Kevin Samboni/Downloads/www.daviplata.com_files/from-another-bank.png]
[file/C_/Users/Kevin Samboni/Downloads/www.daviplata.com_files/payroll.png]
[file/C_/Users/Kevin Samboni/Downloads/www.daviplata.com_files/from-another-daviplata.png]
[file/C_/Users/Kevin Samboni/Downloads/www.daviplata.com_files/bt-videodesktop.png]
[file/C_/Users/Kevin Samboni/Downloads/www.daviplata.com_files/bt-videomobile.png]
[file/C_/Users/Kevin Samboni/Downloads/www.daviplata.com_files/bootstrap.min.css]
[file/C_/Users/Kevin Samboni/Downloads/www.daviplata.com_files/1.png]
[file/C_/Users/Kevin Samboni/Downloads/www.daviplata.com_files/5.png]
[file/C_/Users/Kevin Samboni/Downloads/www.daviplata.com_files/2.png]
[file/C_/Users/Kevin Samboni/Downloads/www.daviplata.com_files/6.png]
[file/C_/Users/Kevin Samboni/Downloads/www.daviplata.com_files/3.png]
[file/C_/Users/Kevin Samboni/Downloads/www.daviplata.com_files/7.png]
[file/C_/Users/Kevin Samboni/Downloads/www.daviplata.com_files/4.png]
[file/C_/Users/Kevin Samboni/Downloads/www.daviplata.com_files/8.png]
[file/C_/Users/Kevin Samboni/Downloads/www.daviplata.com_files/stilosTop.css]
[file/C_/Users/Kevin Samboni/Downloads/www.daviplata.com_files/logo-app.png]
[file/C_/Users/Kevin Samboni/Downloads/www.daviplata.com_files/bt-appstore.png]
[file/C_/Users/Kevin Samboni/Downloads/www.daviplata.com_files/bt-googleplay.png]
[file/C_/Users/Kevin Samboni/Downloads/www.daviplata.com_files/bt-huaweistore.png]
[file/C_/Users/Kevin Samboni/Downloads/www.daviplata.com_files/face.png]
[file/C_/Users/Kevin Samboni/Downloads/www.daviplata.com_files/twitter.png]
[file/C_/Users/Kevin Samboni/Downloads/www.daviplata.com_files/jquery.bxslider.js.descarga]
[file/C_/Users/Kevin Samboni/Downloads/www.daviplata.com_files/floatStyles.css]
[file/C_/Users/Kevin Samboni/Downloads/www.daviplata.com_files/jquery.fancybox.js.descarga]
[file/C_/Users/Kevin Samboni/Downloads/www.daviplata.com_files/jquery.fancybox-media.js.descarga]
[file/C_/Users/Kevin Samboni/Downloads/www.daviplata.com_files/daviplata.js.descarga]
[file/C_/Users/Kevin Samboni/Downloads/www.daviplata.com_files/SerlefinWidget.js.descarga]
[file/C_/Users/Kevin Samboni/Downloads/www.daviplata.com_files/footer_logo2.jpg]
[file/C_/Users/Kevin Samboni/Downloads/www.daviplata.com_files/logo-footer2-m.png]
[file/C_/Users/Kevin Samboni/Downloads/www.daviplata.com_files/footer_institucional.png]
[file/C_/Users/Kevin Samboni/Downloads/www.daviplata.com_files/btn-cerrar-footer.png]
[file/C_/Users/Kevin Samboni/Downloads/www.daviplata.com_files/SerlefinWidget.css]
[file/C_/Users/Kevin Samboni/Downloads/www.daviplata.com_files/logo_sgs.png]
[file/C_/Users/Kevin Samboni/Downloads/www.daviplata.com_files/footer_institucional.jpg]
[file/C_/Users/Kevin Samboni/Downloads/www.daviplata.com_files/tarifas_y_limites_daviplata.png]
[file/C_/Users/Kevin Samboni/Downloads/www.daviplata.com_files/logo-legales-footer.png]
[file/C_/Users/Kevin Samboni/Downloads/www.daviplata.com_files/ra_collection(1)]
[file/C_/Users/Kevin Samboni/Downloads/www.daviplata.com_files/ra_collection(2)]
[file/C_/Users/Kevin Samboni/Downloads/www.daviplata.com_files/menu.png]
[file/C_/Users/Kevin Samboni/Downloads/www.daviplata.com_files/whiteX.png]
[www.googletagmanager.com/gtm5445.html]
[file/C_/Users/Kevin Samboni/Downloads/www.daviplata.com_files/bk-coretag.js.descarga]
[file/C_/Users/Kevin Samboni/Downloads/www.daviplata.com_files/jquery.bxslider.css]
[file/C_/Users/Kevin Samboni/Downloads/www.daviplata.com_files/jquery.fancybox.css]
[file/C_/Users/Kevin Samboni/Downloads/www.daviplata.com_files/reset.css]
[file/C_/Users/Kevin Samboni/Downloads/www.daviplata.com_files/daviplata.css]
[m.serlefin.com/chatdaviplata/SerlefinWidget/CSS/SerlefinWidget.css]
[chatdaviplata.com/IMG/ico/favicon.png]
[file/C_/Users/Kevin Samboni/Downloads/www.daviplata.com_files/chat.html]
[file/C_/Users/Kevin Samboni/Downloads/www.daviplata.com_files/saved_resource.html]
[file/C_/Users/Kevin Samboni/Downloads/www.daviplata.com_files/activityi.html]
[file/C_/Users/Kevin Samboni/Downloads/www.daviplata.com_files/activityi(1).html]
[file/C_/Users/Kevin Samboni/Downloads/www.daviplata.com_files/recaptcha__es_419.js.descarga]
[file/C_/Users/Kevin Samboni/Downloads/www.daviplata.com_files/vue.min.js.descarga]
[file/C_/Users/Kevin Samboni/Downloads/www.daviplata.com_files/axios.min.js.descarga]
[file/C_/Users/Kevin Samboni/Downloads/www.daviplata.com_files/aes.js.descarga]
[file/C_/Users/Kevin Samboni/Downloads/www.daviplata.com_files/axios-http-helper.js.descarga]
[file/C_/Users/Kevin Samboni/Downloads/www.daviplata.com_files/socket.io.min.js.descarga]
[file/C_/Users/Kevin Samboni/Downloads/www.daviplata.com_files/md5.js.descarga]
[file/C_/Users/Kevin Samboni/Downloads/www.daviplata.com_files/api.js.descarga]
[file/C_/Users/Kevin Samboni/Downloads/www.daviplata.com_files/info0.png]
[file/C_/Users/Kevin Samboni/Downloads/www.daviplata.com_files/info2.png]
[file/C_/Users/Kevin Samboni/Downloads/www.daviplata.com_files/info1.png]
[file/C_/Users/Kevin Samboni/Downloads/www.daviplata.com_files/001-record.png]
[file/C_/Users/Kevin Samboni/Downloads/www.daviplata.com_files/002-exchange.png]
[file/C_/Users/Kevin Samboni/Downloads/www.daviplata.com_files/002-reloading.png]
[file/C_/Users/Kevin Samboni/Downloads/www.daviplata.com_files/001-check-mark.png]
[file/C_/Users/Kevin Samboni/Downloads/www.daviplata.com_files/loading.gif]
[file/C_/Users/Kevin Samboni/Downloads/www.daviplata.com_files/cerrar.png]
[file/C_/Users/Kevin Samboni/Downloads/www.daviplata.com_files/chat.js.descarga]
[file/C_/Users/Kevin Samboni/Downloads/www.daviplata.com_files/RecordRTC.js.descarga]
[file/C_/Users/Kevin Samboni/Downloads/www.daviplata.com_files/gif-recorder.js.descarga]
[file/C_/Users/Kevin Samboni/Downloads/www.daviplata.com_files/dc_pre=CLSA4ob7n4cDFZvc_QUdYisP3w]
[file/C_/Users/Kevin Samboni/Downloads/www.daviplata.com_files/grids-min.css]
[file/C_/Users/Kevin Samboni/Downloads/www.daviplata.com_files/grids-responsive-min.css]
[file/C_/Users/Kevin Samboni/Downloads/www.daviplata.com_files/main.css]
[file/C_/Users/Kevin Samboni/Downloads/www.daviplata.com_files/Insta.png]
[file/C_/Users/Kevin Samboni/Downloads/images/empresas/contacto/check.png]
[file/C_/Users/Kevin Samboni/Downloads/images/puntos-daviplata/bg-select-1.png]
[file/C_/Users/Kevin Samboni/Downloads/www.daviplata.com_files/grabbing.png]
[file/C_/Users/Kevin Samboni/Downloads/www.daviplata.com_files/blank.gif]
[file/C_/Users/Kevin Samboni/Downloads/images/bg-nav.png]
[file/C_/Users/Kevin Samboni/Downloads/images/nav-banner.png]
[file/C_/Users/Kevin Samboni/Downloads/images/Untitled-1.png]
[file/C_/Users/Kevin Samboni/Downloads/images/btn-twiter.png]
[file/C_/Users/Kevin Samboni/Downloads/images/btn-youtube.png]
[file/C_/Users/Kevin Samboni/Downloads/images/btn-pse-.png]
[file/C_/Users/Kevin Samboni/Downloads/images/bg-buscador.png]
[file/C_/Users/Kevin Samboni/Downloads/images/btn-busqueda-header.png]
[file/C_/Users/Kevin Samboni/Downloads/images/btn-next-header.png]
[file/C_/Users/Kevin Samboni/Downloads/images/bg-menu-buscador.png]
[file/C_/Users/Kevin Samboni/Downloads/images/btn-buscador-cerrar-menu.png]
[file/C_/Users/Kevin Samboni/Downloads/images/btn-buscador-menu.png]
[file/C_/Users/Kevin Samboni/Downloads/images/bg-mainmenu.jpg]
[file/C_/Users/Kevin Samboni/Downloads/images/item-menu-over.png]
[file/C_/Users/Kevin Samboni/Downloads/images/active-menu-icon.png]
[file/C_/Users/Kevin Samboni/Downloads/images/bg-sub-menu_03.png]
[file/C_/Users/Kevin Samboni/Downloads/images/borde-sub-menu.png]
[file/C_/Users/Kevin Samboni/Downloads/images/point-busqueda.png]
[file/C_/Users/Kevin Samboni/Downloads/images/separador-principal.png]
[file/C_/Users/Kevin Samboni/Downloads/images/activese/separador.png]
[file/C_/Users/Kevin Samboni/Downloads/images/btn-active.png]
[file/C_/Users/Kevin Samboni/Downloads/images/btn-cmp-activarse.png]
[file/C_/Users/Kevin Samboni/Downloads/images/btn-comoactivarse.png]
[file/C_/Users/Kevin Samboni/Downloads/images/btn-comomerterplata.png]
[file/C_/Users/Kevin Samboni/Downloads/images/btn-todo-hacer.png]
[file/C_/Users/Kevin Samboni/Downloads/images/bg-input-faq.png]
[file/C_/Users/Kevin Samboni/Downloads/images/separador-footer.png]
[file/C_/Users/Kevin Samboni/Downloads/images/bg-respuestas.png]
[file/C_/Users/Kevin Samboni/Downloads/images/bg-preguntas.png]
[file/C_/Users/Kevin Samboni/Downloads/images/bg-footermenu.jpg]
[file/C_/Users/Kevin Samboni/Downloads/images/footer_logo2.png]
[file/C_/Users/Kevin Samboni/Downloads/images/info-footer.jpg]
[file/C_/Users/Kevin Samboni/Downloads/images/separacion-footer.png]
[file/C_/Users/Kevin Samboni/Downloads/images/bg-scroll.jpg]
[file/C_/Users/Kevin Samboni/Downloads/images/bg-scroll-2.jpg]
[file/C_/Users/Kevin Samboni/Downloads/images/activese/btn-volver-arriba.png]
[file/C_/Users/Kevin Samboni/Downloads/images/activese/btn-volver-arriba-hover.png]
[file/C_/Users/Kevin Samboni/Downloads/images/activese/boton-continuar.png]
[file/C_/Users/Kevin Samboni/Downloads/images/activese/boton-continuar-hover.png]
[file/C_/Users/Kevin Samboni/Downloads/images/activese/rgrs_on.png]
[file/C_/Users/Kevin Samboni/Downloads/images/activese/rgrs_off.png]
[file/C_/Users/Kevin Samboni/Downloads/images/activese/btn-claro-hover.png]
[file/C_/Users/Kevin Samboni/Downloads/images/activese/btn-claro.png]
[file/C_/Users/Kevin Samboni/Downloads/images/activese/btn-tigo-hover.png]
[file/C_/Users/Kevin Samboni/Downloads/images/activese/btn-tigo.png]
[file/C_/Users/Kevin Samboni/Downloads/images/activese/btn-movistar-hover.png]
[file/C_/Users/Kevin Samboni/Downloads/images/activese/btn-movistar.png]
[file/C_/Users/Kevin Samboni/Downloads/images/activese/btn-uff-hover.png]
[file/C_/Users/Kevin Samboni/Downloads/images/activese/btn-uff.png]
[file/C_/Users/Kevin Samboni/Downloads/images/activese/btn-video.png]
[file/C_/Users/Kevin Samboni/Downloads/images/activese/btn-video-hover.png]
[file/C_/Users/Kevin Samboni/Downloads/images/activese/btn-paso-activarse.png]
[file/C_/Users/Kevin Samboni/Downloads/images/activese/btn-paso-activarse-hover.png]
[file/C_/Users/Kevin Samboni/Downloads/images/btn-conozca-donde.png]
[file/C_/Users/Kevin Samboni/Downloads/images/btn-codigos-empresas.png]
[file/C_/Users/Kevin Samboni/Downloads/images/todo/btn-cajero.png]
[file/C_/Users/Kevin Samboni/Downloads/images/todo/btn-puntos-daviplata.png]
[file/C_/Users/Kevin Samboni/Downloads/images/todo/btn-cajero-hover.png]
[file/C_/Users/Kevin Samboni/Downloads/images/todo/btn-puntos-daviplata-hover.png]
[file/C_/Users/Kevin Samboni/Downloads/images/todo/btn-punto.png]
[file/C_/Users/Kevin Samboni/Downloads/images/todo/btn-punto-hover.png]
[file/C_/Users/Kevin Samboni/Downloads/images/puntos/btn-tiendas.png]
[file/C_/Users/Kevin Samboni/Downloads/images/puntos/btn-comercios.png]
[file/C_/Users/Kevin Samboni/Downloads/images/puntos/btn-cajeros.png]
[file/C_/Users/Kevin Samboni/Downloads/images/dps/jugo/btn-recargar.png]
[file/C_/Users/Kevin Samboni/Downloads/images/dps/jugo/btn-giros.png]
[file/C_/Users/Kevin Samboni/Downloads/images/dps/jugo/btn-ahorro.png]
[file/C_/Users/Kevin Samboni/Downloads/images/empresas/pagos/btn_descarga.png]
[file/C_/Users/Kevin Samboni/Downloads/images/dps/puntos/puntos_btn.png]
[file/C_/Users/Kevin Samboni/Downloads/images/dps/enlaces/enlaces_btn1.png]
[file/C_/Users/Kevin Samboni/Downloads/images/empresas/recaudos/btn_recaudos1.png]
[file/C_/Users/Kevin Samboni/Downloads/images/empresas/recaudos/btn_recaudos2.png]
[file/C_/Users/Kevin Samboni/Downloads/images/empresas/recaudos/btn_recaudos3.png]
[file/C_/Users/Kevin Samboni/Downloads/images/empresas/lideres/btn_a.png]
[file/C_/Users/Kevin Samboni/Downloads/images/empresas/lideres/btn_b.png]
[file/C_/Users/Kevin Samboni/Downloads/images/empresas/lideres/btn_c.png]
[file/C_/Users/Kevin Samboni/Downloads/images/empresas/contacto/vinieta.png]
[file/C_/Users/Kevin Samboni/Downloads/images/empresas/contacto/input_bar.png]
[file/C_/Users/Kevin Samboni/Downloads/images/cmp/landing/cmp_btn1.png]
[file/C_/Users/Kevin Samboni/Downloads/images/cmp/landing/cmp_btn2.png]
[file/C_/Users/Kevin Samboni/Downloads/images/cmp/landing/cmp_btn3.png]
[file/C_/Users/Kevin Samboni/Downloads/images/cmp/landing/cmp_btn4.png]
[file/C_/Users/Kevin Samboni/Downloads/images/cmp/landing/cmp_btn5.png]
[file/C_/Users/Kevin Samboni/Downloads/images/cmp/landing/cmp_btn6.png]
[file/C_/Users/Kevin Samboni/Downloads/images/cmp/remesas/rem01_btn.png]
[file/C_/Users/Kevin Samboni/Downloads/images/cmp/giros/grslnd_btn1.png]
[file/C_/Users/Kevin Samboni/Downloads/images/cmp/giros/grslnd_btn2.png]
[file/C_/Users/Kevin Samboni/Downloads/images/cmp/giros/grslnd_btn3.png]
[file/C_/Users/Kevin Samboni/Downloads/images/cmp/giros/grslnd_btn4.png]
[file/C_/Users/Kevin Samboni/Downloads/images/cmp/giros/grslnd_btn5.png]
[file/C_/Users/Kevin Samboni/Downloads/images/cmp/giros/grslnd_btn6.png]
[file/C_/Users/Kevin Samboni/Downloads/images/cmp/giros/grslnd_btn7.png]
[file/C_/Users/Kevin Samboni/Downloads/images/cmp/giros/cuenta/grs_cnt00_btn1.png]
[file/C_/Users/Kevin Samboni/Downloads/images/cmp/giros/cuenta/grs_cnt00_btn2.png]
[file/C_/Users/Kevin Samboni/Downloads/images/cmp/giros/cuenta/grs_cnt00_btn3.png]
[file/C_/Users/Kevin Samboni/Downloads/images/cmp/giros/cuenta/grs_cnt00_btn1h.png]
[file/C_/Users/Kevin Samboni/Downloads/images/cmp/giros/cuenta/grs_cnt00_btn2h.png]
[file/C_/Users/Kevin Samboni/Downloads/images/cmp/giros/cuenta/grs_cnt00_btn3h.png]
[file/C_/Users/Kevin Samboni/Downloads/images/cmp/reglamento/reglamento1_btn.png]
[file/C_/Users/Kevin Samboni/Downloads/images/cmp/reglamento/reglamento2_btn.png]
[file/C_/Users/Kevin Samboni/Downloads/images/cmp/reglamento/reglamento3_btn.png]
[file/C_/Users/Kevin Samboni/Downloads/images/cmp/reglamento/reglamento1_btn_h.png]
[file/C_/Users/Kevin Samboni/Downloads/images/cmp/reglamento/reglamento2_btn_h.png]
[file/C_/Users/Kevin Samboni/Downloads/images/cmp/reglamento/reglamento3_btn_h.png]
[file/C_/Users/Kevin Samboni/Downloads/images/cmp/concursos/concurso1_btn.png]
[file/C_/Users/Kevin Samboni/Downloads/images/cmp/concursos/concurso1_btn_h.png]
[file/C_/Users/Kevin Samboni/Downloads/images/cmp/concursos/concurso2_btn.png]
[file/C_/Users/Kevin Samboni/Downloads/images/cmp/concursos/concurso2_btn_h.png]
[file/C_/Users/Kevin Samboni/Downloads/images/cmp/concursos/concurso4_btn.png]
[file/C_/Users/Kevin Samboni/Downloads/images/cmp/concursos/concurso4_btn_h.png]
[file/C_/Users/Kevin Samboni/Downloads/images/cmp/concursos/concurso5_btn.png]
[file/C_/Users/Kevin Samboni/Downloads/images/cmp/concursos/concurso5_btn_h.png]
[file/C_/Users/Kevin Samboni/Downloads/images/cmp/giros/cuenta/grs_cntA01_img1.png]
[file/C_/Users/Kevin Samboni/Downloads/images/cmp/giros/cuenta/grs_cntA02_img1.png]
[file/C_/Users/Kevin Samboni/Downloads/images/cmp/giros/cuenta/grs_cntA03_img1.png]
[file/C_/Users/Kevin Samboni/Downloads/images/cmp/giros/cuenta/grs_cntA07_img1.png]
[file/C_/Users/Kevin Samboni/Downloads/images/cmp/giros/cuenta/grs_cntB01_img1.png]
[file/C_/Users/Kevin Samboni/Downloads/images/cmp/giros/cuenta/grs_cntB02_img1.png]
[file/C_/Users/Kevin Samboni/Downloads/images/cmp/giros/cuenta/grs_cntB03_img1.png]
[file/C_/Users/Kevin Samboni/Downloads/images/cmp/giros/cuenta/grs_cntB04_img1.png]
[file/C_/Users/Kevin Samboni/Downloads/images/cmp/giros/cuenta/grs_cntB05_img1.png]
[file/C_/Users/Kevin Samboni/Downloads/images/cmp/giros/cuenta/grs_cntB06_img1.png]
[file/C_/Users/Kevin Samboni/Downloads/images/cmp/giros/cuenta/grs_cntB07_img1.png]
[file/C_/Users/Kevin Samboni/Downloads/images/cmp/giros/cuenta/grs_cntB08_img1.png]
[file/C_/Users/Kevin Samboni/Downloads/images/cmp/giros/cuenta/grs_cntB09_img1.png]
[file/C_/Users/Kevin Samboni/Downloads/images/cmp/giros/cuenta/grs_cntC01_img1.png]
[file/C_/Users/Kevin Samboni/Downloads/images/cmp/giros/cuenta/grs_cntC03_img1.png]
[file/C_/Users/Kevin Samboni/Downloads/images/cmp/cuenta/cuenta00_img1.png]
[file/C_/Users/Kevin Samboni/Downloads/images/internacionales/boton-1.png]
[file/C_/Users/Kevin Samboni/Downloads/images/internacionales/boton-2.png]
[file/C_/Users/Kevin Samboni/Downloads/images/internacionales/li.gif]
[file/C_/Users/Kevin Samboni/Downloads/images/puntos-daviplata/btn-b-ubicacion.png]
[file/C_/Users/Kevin Samboni/Downloads/images/puntos-daviplata/btn-b-nombre.png]
[file/C_/Users/Kevin Samboni/Downloads/images/puntos-daviplata/btn-d-punto.png]
[file/C_/Users/Kevin Samboni/Downloads/images/puntos-daviplata/bg-buscador.png]
[file/C_/Users/Kevin Samboni/Downloads/images/puntos-daviplata/btn-buscador.png]
[file/C_/Users/Kevin Samboni/Downloads/fonts/Lobster_1_4.eot]
[file/C_/Users/Kevin Samboni/Downloads/fonts/Lobster_1_4d41d.eot]
[file/C_/Users/Kevin Samboni/Downloads/fonts/Lobster_1_4.svg]
[file/C_/Users/Kevin Samboni/Downloads/fonts/Lobster_1_4.woff]
[file/C_/Users/Kevin Samboni/Downloads/fonts/Lobster_1_4.ttf]
[file/C_/Users/Kevin Samboni/Downloads/fonts/Arimo-BoldItalic.ttf]
[file/C_/Users/Kevin Samboni/Downloads/fonts/Arimo-Italic.ttf]
[file/C_/Users/Kevin Samboni/Downloads/fonts/Arimo-Regular.ttf]
[file/C_/Users/Kevin Samboni/Downloads/images/sacar-plata/sombra-bloque.png]
[file/C_/Users/Kevin Samboni/Downloads/fonts/lobster_1_4-webfont.eot]
[file/C_/Users/Kevin Samboni/Downloads/fonts/lobster_1_4-webfontd41d.eot]
[file/C_/Users/Kevin Samboni/Downloads/fonts/lobster_1_4-webfont.woff]
[file/C_/Users/Kevin Samboni/Downloads/fonts/lobster_1_4-webfont.ttf]
[file/C_/Users/Kevin Samboni/Downloads/fonts/lobster_1_4-webfont.svg]
[file/C_/Users/Kevin Samboni/Downloads/images/sacar-plata/btn-continuar.png]
[file/C_/Users/Kevin Samboni/Downloads/images/sacar-plata/sombra-p1.png]
[file/C_/Users/Kevin Samboni/Downloads/images/logo.png]
[file/C_/Users/Kevin Samboni/Downloads/fonts/Arimo-RegularArimo-BoldItalic.ttf]
[file/C_/Users/Kevin Samboni/Downloads/images/btn-atras.png]
[file/C_/Users/Kevin Samboni/Downloads/images/btn.png]
[file/C_/Users/Kevin Samboni/Downloads/images/menu-m/bg-1.png]
[file/C_/Users/Kevin Samboni/Downloads/images/menu-m/bg-2.png]
[file/C_/Users/Kevin Samboni/Downloads/images/menu-m/bg-3.png]
[file/C_/Users/Kevin Samboni/Downloads/images/menu-m/logo-tw.png]
[file/C_/Users/Kevin Samboni/Downloads/images/menu-m/logo-fb.png]
[file/C_/Users/Kevin Samboni/Downloads/images/menu-m/btn-buscador-m.png]
[file/C_/Users/Kevin Samboni/Downloads/images/menu-m/bg-buscador-movile.png]
[file/C_/Users/Kevin Samboni/Downloads/images/menu-m/btn-cerrar-buscador-m.png]
[file/C_/Users/Kevin Samboni/Downloads/images/menu-m/btn-enviar-buscador-m.png]
[file/C_/Users/Kevin Samboni/Downloads/images/todo/btn-cajero-m.png]
[file/C_/Users/Kevin Samboni/Downloads/images/todo/puntos-daviplat-m.png]
[file/C_/Users/Kevin Samboni/Downloads/images/todo/giros-daviplata-m.png]
[file/C_/Users/Kevin Samboni/Downloads/images/todo/giros-davivienda-m.png]
[file/C_/Users/Kevin Samboni/Downloads/www.daviplata.com_files/images/bx_loader.gif]
[file/C_/Users/Kevin Samboni/Downloads/www.daviplata.com_files/images/controls.png]
[file/C_/Users/Kevin Samboni/Downloads/www.daviplata.com_files/fancybox_sprite.png]
[file/C_/Users/Kevin Samboni/Downloads/www.daviplata.com_files/fancybox_loading.gif]
[file/C_/Users/Kevin Samboni/Downloads/www.daviplata.com_files/fancybox_overlay.png]
[file/C_/Users/Kevin Samboni/Downloads/www.daviplata.com_files/fancybox_sprite@2x.png]
[file/C_/Users/Kevin Samboni/Downloads/www.daviplata.com_files/fancybox_loading@2x.gif]
[file/C_/Users/Kevin Samboni/Downloads/fonts/HelveticaNeueLTStdThCn.eot]
[file/C_/Users/Kevin Samboni/Downloads/fonts/HelveticaNeueLTStdThCn.woff2]
[file/C_/Users/Kevin Samboni/Downloads/fonts/HelveticaNeueLTStdThCn.woff]
[file/C_/Users/Kevin Samboni/Downloads/fonts/HelveticaNeueLTStdThCn.ttf]
[file/C_/Users/Kevin Samboni/Downloads/fonts/HelveticaNeueLTStdThCn.svg]
[file/C_/Users/Kevin Samboni/Downloads/fonts/HelveticaNeueLTStdCn.eot]
[file/C_/Users/Kevin Samboni/Downloads/fonts/HelveticaNeueLTStdCn.woff2]
[file/C_/Users/Kevin Samboni/Downloads/fonts/HelveticaNeueLTStdCn.woff]
[file/C_/Users/Kevin Samboni/Downloads/fonts/HelveticaNeueLTStdCn.ttf]
[file/C_/Users/Kevin Samboni/Downloads/fonts/HelveticaNeueLTStdCn.svg]
[file/C_/Users/Kevin Samboni/Downloads/fonts/HelveticaNeueLTStdMdCn.eot]
[file/C_/Users/Kevin Samboni/Downloads/fonts/HelveticaNeueLTStdMdCn.woff2]
[file/C_/Users/Kevin Samboni/Downloads/fonts/HelveticaNeueLTStdMdCn.woff]
[file/C_/Users/Kevin Samboni/Downloads/fonts/HelveticaNeueLTStdMdCn.ttf]
[file/C_/Users/Kevin Samboni/Downloads/fonts/HelveticaNeueLTStdMdCn.svg]
[file/C_/Users/Kevin Samboni/Downloads/fonts/HelveticaNeueLTStdBdCn.eot]
[file/C_/Users/Kevin Samboni/Downloads/fonts/HelveticaNeueLTStdBdCn.woff2]
[file/C_/Users/Kevin Samboni/Downloads/fonts/HelveticaNeueLTStdBdCn.woff]
[file/C_/Users/Kevin Samboni/Downloads/fonts/HelveticaNeueLTStdBdCn.svg]
[file/C_/Users/Kevin Samboni/Downloads/fonts/HelveticaNeueLTStdHvCn.eot]
[file/C_/Users/Kevin Samboni/Downloads/fonts/HelveticaNeueLTStdHvCn.woff2]
[file/C_/Users/Kevin Samboni/Downloads/fonts/HelveticaNeueLTStdHvCn.woff]
[file/C_/Users/Kevin Samboni/Downloads/fonts/HelveticaNeueLTStdHvCn.ttf]
[file/C_/Users/Kevin Samboni/Downloads/fonts/HelveticaNeueLTStdHvCn.svg]
[file/C_/Users/Kevin Samboni/Downloads/img/bg-white.jpg]
[file/C_/Users/Kevin Samboni/Downloads/imgHome/cellphone-hand2.png]
[file/C_/Users/Kevin Samboni/Downloads/img/bg-red.png]
[file/C_/Users/Kevin Samboni/Downloads/img/icons/vineta-red.png]
[file/C_/Users/Kevin Samboni/Downloads/img/icons/vineta-white.png]
[file/C_/Users/Kevin Samboni/Downloads/img/degraded.png]
[file/C_/Users/Kevin Samboni/Downloads/img/bg-whitemobile.jpg]
[file/C_/Users/Kevin Samboni/Downloads/img/bg-redmobile.jpg]
[file/C_/Users/Kevin Samboni/Downloads/img/icons/arrow-leftactive.png]
[file/C_/Users/Kevin Samboni/Downloads/img/icons/arrow-left.png]
[file/C_/Users/Kevin Samboni/Downloads/www.daviplata.com_files/font/RobotoCondensed-Regular.ttf]
[file/C_/Users/Kevin Samboni/Downloads/www.daviplata.com_files/font/Roboto-Regular.ttf]
[file/C_/Users/Kevin Samboni/Downloads/www.daviplata.com_files/images/downarrow_blue.png]
